[1/2] Building CXX object CMakeFiles/ftd2xx.dir/src/ftd2xx_emu.cpp.obj
FAILED: [code=1] CMakeFiles/ftd2xx.dir/src/ftd2xx_emu.cpp.obj 
/usr/lib64/ccache/i686-w64-mingw32-g++ -DNOMINMAX -DWIN32_LEAN_AND_MEAN -D_CRT_SECURE_NO_WARNINGS -Dftd2xx_EXPORTS  -Werror -O3 -DNDEBUG -Wall -Wextra -Wpedantic -MD -MT CMakeFiles/ftd2xx.dir/src/ftd2xx_emu.cpp.obj -MF CMakeFiles/ftd2xx.dir/src/ftd2xx_emu.cpp.obj.d -o CMakeFiles/ftd2xx.dir/src/ftd2xx_emu.cpp.obj -c /home/juergen/Projects/RNet-Dongle-Emu/src/ftd2xx_emu.cpp
/home/juergen/Projects/RNet-Dongle-Emu/src/ftd2xx_emu.cpp:1799:6: error: 'bool {anonymous}::replay_locked(const unsigned char*)' defined but not used [-Werror=unused-function]
 1799 | bool replay_locked(const unsigned char* frame) {
      |      ^~~~~~~~~~~~~
/home/juergen/Projects/RNet-Dongle-Emu/src/ftd2xx_emu.cpp:1748:6: error: 'bool {anonymous}::capture_block_write_segment_locked(const unsigned char*)' defined but not used [-Werror=unused-function]
 1748 | bool capture_block_write_segment_locked(const unsigned char* frame) {
      |      ^~~~~~~~~~~~~~~~~~~~~~~~~~~~~~~~~~
/home/juergen/Projects/RNet-Dongle-Emu/src/ftd2xx_emu.cpp:1607:6: error: 'bool {anonymous}::handle_dynamic_pop_control_locked(const unsigned char*)' defined but not used [-Werror=unused-function]
 1607 | bool handle_dynamic_pop_control_locked(const unsigned char* frame) {
      |      ^~~~~~~~~~~~~~~~~~~~~~~~~~~~~~~~~
/home/juergen/Projects/RNet-Dongle-Emu/src/ftd2xx_emu.cpp:1586:6: error: 'void {anonymous}::observe_pop_control_locked(const unsigned char*)' defined but not used [-Werror=unused-function]
 1586 | void observe_pop_control_locked(const unsigned char* frame) {
      |      ^~~~~~~~~~~~~~~~~~~~~~~~~~
/home/juergen/Projects/RNet-Dongle-Emu/src/ftd2xx_emu.cpp:1565:6: error: 'bool {anonymous}::handle_block_read_ack_locked(const unsigned char*)' defined but not used [-Werror=unused-function]
 1565 | bool handle_block_read_ack_locked(const unsigned char* frame) {
      |      ^~~~~~~~~~~~~~~~~~~~~~~~~~~~
/home/juergen/Projects/RNet-Dongle-Emu/src/ftd2xx_emu.cpp:1542:6: error: 'bool {anonymous}::start_stored_block_read_locked(const unsigned char*)' defined but not used [-Werror=unused-function]
 1542 | bool start_stored_block_read_locked(const unsigned char* frame) {
      |      ^~~~~~~~~~~~~~~~~~~~~~~~~~~~~~
/home/juergen/Projects/RNet-Dongle-Emu/src/ftd2xx_emu.cpp:1491:6: error: 'bool {anonymous}::handle_stored_block_metadata_read_locked(const unsigned char*)' defined but not used [-Werror=unused-function]
 1491 | bool handle_stored_block_metadata_read_locked(const unsigned char* frame) {
      |      ^~~~~~~~~~~~~~~~~~~~~~~~~~~~~~~~~~~~~~~~
/home/juergen/Projects/RNet-Dongle-Emu/src/ftd2xx_emu.cpp:535:6: error: 'void {anonymous}::load_replay(const std::string&)' defined but not used [-Werror=unused-function]
  535 | void load_replay(const std::string& path) {
      |      ^~~~~~~~~~~
/home/juergen/Projects/RNet-Dongle-Emu/src/ftd2xx_emu.cpp:397:6: error: 'void {anonymous}::load_stored_blocks()' defined but not used [-Werror=unused-function]
  397 | void load_stored_blocks() {
      |      ^~~~~~~~~~~~~~~~~~
cc1plus: all warnings being treated as errors
ninja: build stopped: subcommand failed.
