002c:fixme:winediag:loader_init wine-staging 11.0 is a testing version containing experimental patches.
002c:fixme:winediag:loader_init Please mention your exact version when filing bug reports on winehq.org.
00b8:fixme:wineusb:query_id Unhandled ID query type 0x5.
0024:fixme:winediag:loader_init wine-staging 11.0 is a testing version containing experimental patches.
0024:fixme:winediag:loader_init Please mention your exact version when filing bug reports on winehq.org.
0120:fixme:nls:RtlGetThreadPreferredUILanguages 00000034, 009BF7DC, 009BF84C 009BF7E4
0120:fixme:nls:get_dummy_preferred_ui_language (0x34 0x407 009BF7DC 009BF84C 009BF7E4) returning a dummy value (current locale)
0120:fixme:heap:RtlSetHeapInformation HEAP_INFORMATION_CLASS 1 not implemented!
0120:fixme:uxtheme:BufferedPaintInit Stub ()
0120:fixme:uxtheme:BufferedPaintInit Stub ()
0120:fixme:uxtheme:BufferedPaintInit Stub ()
0120:err:sync:RtlpWaitForCriticalSection section 02DED9F4 "?" wait timed out in thread 0120, blocked by 013c, retrying (60 sec)
0120:fixme:uxtheme:BufferedPaintUnInit Stub ()
0120:fixme:uxtheme:BufferedPaintUnInit Stub ()
0120:fixme:uxtheme:BufferedPaintUnInit Stub ()
0120:fixme:msvcrt:__clean_type_info_names_internal (7A80ABB4) stub
0164:fixme:winediag:loader_init wine-staging 11.0 is a testing version containing experimental patches.
0164:fixme:winediag:loader_init Please mention your exact version when filing bug reports on winehq.org.
0170:fixme:winediag:loader_init wine-staging 11.0 is a testing version containing experimental patches.
0170:fixme:winediag:loader_init Please mention your exact version when filing bug reports on winehq.org.
